// Jest Snapshot v1, https://goo.gl/fbAQLP

exports[`Circle renders 1`] = `
<DocumentFragment>
  <div
    class="sc-bdvvtL wqqDO"
    data-testid="circle"
  />
</DocumentFragment>
`;
