// Jest Snapshot v1, https://goo.gl/fbAQLP

exports[`renders 1`] = `
<DocumentFragment>
  <div
    class="sc-bdvvtL ehIecs"
    role="cross"
  >
    <div
      class="sc-gsDKAQ cAkuNE"
    >
      <div
        class="neon"
      />
      <div
        class="neon"
      />
    </div>
    <div
      class="sc-dkPtRN hzjwCj neon"
    />
  </div>
</DocumentFragment>
`;
