// Jest Snapshot v1, https://goo.gl/fbAQLP

exports[`renders open modal 1`] = `<DocumentFragment />`;
